// Jest Snapshot v1, https://goo.gl/fbAQLP

exports[`SearchBar Component tests should navigate to new admission page when clicking the new admission button 1`] = `
<div>
  <div
    class="sc-iGgVNO ddLifx"
  >
    <div
      class="sc-kAycRU iGyHMU"
    >
      <div>
        <label />
        <input
          class="sc-dcJtft etWJkp"
          maxlength="14"
          placeholder="Digite um CPF válido"
          value=""
        />
        <span
          style="font-size: 12px; color: red;"
        />
      </div>
      <div
        class="sc-imWZod beiGUh"
      >
        <select
          class="sc-jXbVAB gOLGmz"
        >
          <option
            disabled=""
            value=""
          >
            Selecione um status
          </option>
          <option
            value=""
          >
            Todos
          </option>
          <option
            value="REVIEW"
          >
            Pendente
          </option>
          <option
            value="APPROVED"
          >
            Aprovado
          </option>
          <option
            value="REPROVED"
          >
            Reprovado
          </option>
        </select>
      </div>
    </div>
    <div
      class="sc-gsFSjX ga-dmrm"
    >
      <button
        aria-label="refetch"
        class="sc-eqUzNf iebrMx"
      >
        <svg
          aria-hidden="true"
          fill="currentColor"
          height="1em"
          stroke="currentColor"
          stroke-width="0"
          viewBox="0 0 20 20"
          width="1em"
          xmlns="http://www.w3.org/2000/svg"
        >
          <path
            clip-rule="evenodd"
            d="M4 2a1 1 0 011 1v2.101a7.002 7.002 0 0111.601 2.566 1 1 0 11-1.885.666A5.002 5.002 0 005.999 7H9a1 1 0 010 2H4a1 1 0 01-1-1V3a1 1 0 011-1zm.008 9.057a1 1 0 011.276.61A5.002 5.002 0 0014.001 13H11a1 1 0 110-2h5a1 1 0 011 1v5a1 1 0 11-2 0v-2.101a7.002 7.002 0 01-11.601-2.566 1 1 0 01.61-1.276z"
            fill-rule="evenodd"
          />
        </svg>
      </button>
      <button
        class="sc-aYaIB dyJnol"
      >
        Nova Admissão
      </button>
    </div>
  </div>
</div>
`;
